******************************************************************************
             TMS320C2000 Linker PC v20.2.1                     
******************************************************************************
>> Linked Tue Dec  5 18:54:46 2023

OUTPUT FILE NAME:   <LEC_CtrlLab_SpdCtrl.out>
ENTRY POINT SYMBOL: "_c_int00"  address: 00083582


MEMORY CONFIGURATION

         name            origin    length      used     unused   attr    fill
----------------------  --------  ---------  --------  --------  ----  --------
PAGE 0:
  RAMM0                 00000122   000002de  00000000  000002de  RWIX
  RAMLS0                00008000   00002800  00000000  00002800  RWIX
  RAMD0                 0000b000   00000800  00000000  00000800  RWIX
  RAMGS13               00019000   00003000  000007ed  00002813  RWIX
  BEGIN                 00080000   00000002  00000002  00000000  RWIX
  FLASHA                00080002   00001ffe  00000000  00001ffe  RWIX
  FLASHB                00082000   00002000  000017cf  00000831  RWIX
  FLASHC                00084000   00002000  00000000  00002000  RWIX
  FLASHD                00086000   00002000  00000000  00002000  RWIX
  FLASHE                00088000   00008000  000007ed  00007813  RWIX
  FLASHF                00090000   00008000  00000000  00008000  RWIX
  FLASHG                00098000   00008000  000001c0  00007e40  RWIX
  FLASHH                000a0000   00008000  00000000  00008000  RWIX
  FLASHI                000a8000   00008000  00000000  00008000  RWIX
  FLASHJ                000b0000   00008000  00000000  00008000  RWIX
  FLASHK                000b8000   00002000  00000000  00002000  RWIX
  FLASHL                000ba000   00002000  00000000  00002000  RWIX
  FLASHM                000bc000   00002000  00000000  00002000  RWIX
  FLASHN                000be000   00002000  00000000  00002000  RWIX
  RESET                 003fffc0   00000002  00000000  00000002  RWIX

PAGE 1:
  BOOT_RSVD             00000002   00000120  00000000  00000120  RWIX
  RAMM1                 00000400   00000400  00000200  00000200  RWIX
  ADCA_RESULT           00000b00   00000020  00000018  00000008  RWIX
  ADCB_RESULT           00000b20   00000020  00000018  00000008  RWIX
  ADCC_RESULT           00000b40   00000020  00000018  00000008  RWIX
  ADCD_RESULT           00000b60   00000020  00000018  00000008  RWIX
  CPU_TIMER0            00000c00   00000008  00000008  00000000  RWIX
  CPU_TIMER1            00000c08   00000008  00000008  00000000  RWIX
  CPU_TIMER2            00000c10   00000008  00000008  00000000  RWIX
  PIE_CTRL              00000ce0   00000020  0000001a  00000006  RWIX
  PIE_VECT              00000d00   00000200  000001c0  00000040  RWIX
  DMA                   00001000   00000200  000000e0  00000120  RWIX
  CLA1                  00001400   00000040  0000003e  00000002  RWIX
  EPWM1                 00004000   00000100  00000100  00000000  RWIX
  EPWM2                 00004100   00000100  00000100  00000000  RWIX
  EPWM3                 00004200   00000100  00000100  00000000  RWIX
  EPWM4                 00004300   00000100  00000100  00000000  RWIX
  EPWM5                 00004400   00000100  00000100  00000000  RWIX
  EPWM6                 00004500   00000100  00000100  00000000  RWIX
  EPWM7                 00004600   00000100  00000100  00000000  RWIX
  EPWM8                 00004700   00000100  00000100  00000000  RWIX
  EPWM9                 00004800   00000100  00000100  00000000  RWIX
  EPWM10                00004900   00000100  00000100  00000000  RWIX
  EPWM11                00004a00   00000100  00000100  00000000  RWIX
  EPWM12                00004b00   00000100  00000100  00000000  RWIX
  ECAP1                 00005000   00000020  00000020  00000000  RWIX
  ECAP2                 00005020   00000020  00000020  00000000  RWIX
  ECAP3                 00005040   00000020  00000020  00000000  RWIX
  ECAP4                 00005060   00000020  00000020  00000000  RWIX
  ECAP5                 00005080   00000020  00000020  00000000  RWIX
  ECAP6                 000050a0   00000020  00000020  00000000  RWIX
  EQEP1                 00005100   00000040  00000022  0000001e  RWIX
  EQEP2                 00005140   00000040  00000022  0000001e  RWIX
  EQEP3                 00005180   00000040  00000022  0000001e  RWIX
  DACA                  00005c00   00000010  00000008  00000008  RWIX
  DACB                  00005c10   00000010  00000008  00000008  RWIX
  DACC                  00005c20   00000010  00000008  00000008  RWIX
  CMPSS1                00005c80   00000020  00000020  00000000  RWIX
  CMPSS2                00005ca0   00000020  00000020  00000000  RWIX
  CMPSS3                00005cc0   00000020  00000020  00000000  RWIX
  CMPSS4                00005ce0   00000020  00000020  00000000  RWIX
  CMPSS5                00005d00   00000020  00000020  00000000  RWIX
  CMPSS6                00005d20   00000020  00000020  00000000  RWIX
  CMPSS7                00005d40   00000020  00000020  00000000  RWIX
  CMPSS8                00005d60   00000020  00000020  00000000  RWIX
  SDFM1                 00005e00   00000080  00000080  00000000  RWIX
  SDFM2                 00005e80   00000080  00000080  00000000  RWIX
  MCBSPA                00006000   00000040  00000024  0000001c  RWIX
  MCBSPB                00006040   00000040  00000024  0000001c  RWIX
  SPIA                  00006100   00000010  00000010  00000000  RWIX
  SPIB                  00006110   00000010  00000010  00000000  RWIX
  SPIC                  00006120   00000010  00000010  00000000  RWIX
  SPID                  00006130   00000010  00000000  00000010  RWIX
  UPP                   00006200   00000100  00000048  000000b8  RWIX
  WD                    00007000   00000040  0000002b  00000015  RWIX
  NMIINTRUPT            00007060   00000010  00000007  00000009  RWIX
  XINT                  00007070   00000010  0000000b  00000005  RWIX
  SCIA                  00007200   00000010  00000010  00000000  RWIX
  SCIB                  00007210   00000010  00000010  00000000  RWIX
  SCIC                  00007220   00000010  00000010  00000000  RWIX
  SCID                  00007230   00000010  00000010  00000000  RWIX
  I2CA                  00007300   00000040  00000022  0000001e  RWIX
  I2CB                  00007340   00000040  00000022  0000001e  RWIX
  ADCA                  00007400   00000080  00000080  00000000  RWIX
  ADCB                  00007480   00000080  00000080  00000000  RWIX
  ADCC                  00007500   00000080  00000080  00000000  RWIX
  ADCD                  00007580   00000080  00000080  00000000  RWIX
  INPUT_XBAR            00007900   00000020  00000020  00000000  RWIX
  XBAR                  00007920   00000020  00000020  00000000  RWIX
  SYNC_SOC              00007940   00000010  00000006  0000000a  RWIX
  DMACLASRCSEL          00007980   00000040  0000001a  00000026  RWIX
  EPWM_XBAR             00007a00   00000040  00000040  00000000  RWIX
  CLB_XBAR              00007a40   00000040  00000000  00000040  RWIX
  OUTPUT_XBAR           00007a80   00000040  00000040  00000000  RWIX
  GPIOCTRL              00007c00   00000180  00000180  00000000  RWIX
  GPIODAT               00007f00   00000030  00000030  00000000  RWIX
  RAMLS5                0000a800   00000800  0000018c  00000674  RWIX
  RAMD1                 0000b800   00000800  00000000  00000800  RWIX
  RAMGS0                0000c000   00001000  00000000  00001000  RWIX
  RAMGS1                0000d000   00001000  00000000  00001000  RWIX
  RAMGS2                0000e000   00001000  00000000  00001000  RWIX
  RAMGS3                0000f000   00001000  00000000  00001000  RWIX
  RAMGS4                00010000   00001000  00000000  00001000  RWIX
  RAMGS5                00011000   00001000  00000000  00001000  RWIX
  RAMGS6                00012000   00001000  00000000  00001000  RWIX
  RAMGS7                00013000   00001000  00000000  00001000  RWIX
  RAMGS8                00014000   00001000  00000000  00001000  RWIX
  RAMGS9                00015000   00001000  00000000  00001000  RWIX
  RAMGS10               00016000   00001000  00000000  00001000  RWIX
  RAMGS11               00017000   00001000  00000000  00001000  RWIX
  RAMGS12               00018000   00001000  00000000  00001000  RWIX
  CPU2TOCPU1RAM         0003f800   00000400  00000000  00000400  RWIX
  CPU1TOCPU2RAM         0003fc00   00000400  00000000  00000400  RWIX
  EMIF1                 00047000   00000800  00000070  00000790  RWIX
  EMIF2                 00047800   00000800  00000070  00000790  RWIX
  IPC                   00050000   00000024  00000024  00000000  RWIX
  FLASHPUMPSEMAPHORE    00050024   00000002  00000002  00000000  RWIX
  DEV_CFG               0005d000   00000180  0000012e  00000052  RWIX
  ANALOG_SUBSYS         0005d180   00000080  00000048  00000038  RWIX
  CLK_CFG               0005d200   00000100  00000032  000000ce  RWIX
  CPU_SYS               0005d300   00000100  00000082  0000007e  RWIX
  ROMPREFETCH           0005e608   00000002  00000002  00000000  RWIX
  DCSM_Z1               0005f000   00000030  00000024  0000000c  RWIX
  DCSM_Z2               0005f040   00000030  00000024  0000000c  RWIX
  DCSM_COMMON           0005f070   00000010  00000008  00000008  RWIX
  MEMCFG                0005f400   00000080  00000080  00000000  RWIX
  EMIF1CONFIG           0005f480   00000020  00000020  00000000  RWIX
  EMIF2CONFIG           0005f4a0   00000020  00000020  00000000  RWIX
  ACCESSPROTECTION      0005f4c0   00000040  00000040  00000000  RWIX
  MEMORYERROR           0005f500   00000040  00000040  00000000  RWIX
  ROMWAITSTATE          0005f540   00000002  00000002  00000000  RWIX
  FLASH0_CTRL           0005f800   00000300  00000182  0000017e  RWIX
  FLASH0_ECC            0005fb00   00000040  00000028  00000018  RWIX
  DCSM_Z1_OTP           00078000   00000020  00000020  00000000  RWIX
  DCSM_Z2_OTP           00078200   00000020  00000020  00000000  RWIX


SECTION ALLOCATION MAP

 output                                  attributes/
section   page    origin      length       input sections
--------  ----  ----------  ----------   ----------------
.cinit     0    00082000    0000006c     
                  00082000    00000019     AppLab.obj (.cinit)
                  00082019    00000019     AppSeq.obj (.cinit)
                  00082032    0000000f     AppADCInput.obj (.cinit)
                  00082041    0000000e     rts2800_fpu32.lib : exit.c.obj (.cinit)
                  0008204f    0000000c     AppFaultCheck.obj (.cinit)
                  0008205b    00000005     AppPosSen.obj (.cinit)
                  00082060    00000005     rts2800_fpu32.lib : _lock.c.obj (.cinit:__lock)
                  00082065    00000005                       : _lock.c.obj (.cinit:__unlock)
                  0008206a    00000002     --HOLE-- [fill = 0]

.pinit     0    00082000    00000000     UNINITIALIZED

codestart 
*          0    00080000    00000002     
                  00080000    00000002     F2837xD_CodeStartBranch.obj (codestart)

ramfuncs   0    00088000    000007ed     RUN ADDR = 00019000
                  00088000    00000209     AppLab.obj (ramfuncs)
                  00088209    0000018f     AppSeq.obj (ramfuncs:retain)
                  00088398    00000170     AppFaultCheck.obj (ramfuncs)
                  00088508    00000120     AppADCInput.obj (ramfuncs)
                  00088628    000000e8     AppDCMtrCtrl.obj (ramfuncs)
                  00088710    00000096     AppPosSen.obj (ramfuncs)
                  000887a6    00000037     F2837xD_SysCtrl.obj (ramfuncs)
                  000887dd    00000008     AppMotCtrl.obj (ramfuncs)
                  000887e5    00000004     F2837xD_usDelay.obj (ramfuncs)
                  000887e9    00000004     sysctl.obj (ramfuncs)

.stack     1    00000400    00000200     UNINITIALIZED
                  00000400    00000200     --HOLE--

.reset     0    003fffc0    00000002     DSECT
                  003fffc0    00000002     rts2800_fpu32.lib : boot28.asm.obj (.reset)

GETBUFFER 
*          0    0003f800    00000000     DSECT

GETWRITEIDX 
*          0    0003f800    00000000     DSECT

PUTREADIDX 
*          0    0003f800    00000000     DSECT

.econst    0    00098000    000001c0     
                  00098000    000001c0     F2837xD_PieVect.obj (.econst:_PieVectTableInit)

AdcaResultFile 
*          1    00000b00    00000018     UNINITIALIZED
                  00000b00    00000018     F2837xD_GlobalVariableDefs.obj (AdcaResultFile)

AdcbResultFile 
*          1    00000b20    00000018     UNINITIALIZED
                  00000b20    00000018     F2837xD_GlobalVariableDefs.obj (AdcbResultFile)

AdccResultFile 
*          1    00000b40    00000018     UNINITIALIZED
                  00000b40    00000018     F2837xD_GlobalVariableDefs.obj (AdccResultFile)

AdcdResultFile 
*          1    00000b60    00000018     UNINITIALIZED
                  00000b60    00000018     F2837xD_GlobalVariableDefs.obj (AdcdResultFile)

CpuTimer0RegsFile 
*          1    00000c00    00000008     UNINITIALIZED
                  00000c00    00000008     F2837xD_GlobalVariableDefs.obj (CpuTimer0RegsFile)

CpuTimer1RegsFile 
*          1    00000c08    00000008     UNINITIALIZED
                  00000c08    00000008     F2837xD_GlobalVariableDefs.obj (CpuTimer1RegsFile)

CpuTimer2RegsFile 
*          1    00000c10    00000008     UNINITIALIZED
                  00000c10    00000008     F2837xD_GlobalVariableDefs.obj (CpuTimer2RegsFile)

PieCtrlRegsFile 
*          1    00000ce0    0000001a     UNINITIALIZED
                  00000ce0    0000001a     F2837xD_GlobalVariableDefs.obj (PieCtrlRegsFile)

PieVectTableFile 
*          1    00000d00    000001c0     UNINITIALIZED
                  00000d00    000001c0     F2837xD_GlobalVariableDefs.obj (PieVectTableFile)

EmuKeyVar 
*          1    00000d00    00000001     UNINITIALIZED
                  00000d00    00000001     F2837xD_GlobalVariableDefs.obj (EmuKeyVar)

EmuBModeVar 
*          1    00000d01    00000001     UNINITIALIZED
                  00000d01    00000001     F2837xD_GlobalVariableDefs.obj (EmuBModeVar)

FlashCallbackVar 
*          1    00000d02    00000000     UNINITIALIZED

FlashScalingVar 
*          1    00000d02    00000000     UNINITIALIZED

DmaRegsFile 
*          1    00001000    000000e0     UNINITIALIZED
                  00001000    000000e0     F2837xD_GlobalVariableDefs.obj (DmaRegsFile)

Cla1RegsFile 
*          1    00001400    0000003e     UNINITIALIZED
                  00001400    0000003e     F2837xD_GlobalVariableDefs.obj (Cla1RegsFile)

EPwm1RegsFile 
*          1    00004000    00000100     UNINITIALIZED
                  00004000    00000100     F2837xD_GlobalVariableDefs.obj (EPwm1RegsFile)

EPwm2RegsFile 
*          1    00004100    00000100     UNINITIALIZED
                  00004100    00000100     F2837xD_GlobalVariableDefs.obj (EPwm2RegsFile)

EPwm3RegsFile 
*          1    00004200    00000100     UNINITIALIZED
                  00004200    00000100     F2837xD_GlobalVariableDefs.obj (EPwm3RegsFile)

EPwm4RegsFile 
*          1    00004300    00000100     UNINITIALIZED
                  00004300    00000100     F2837xD_GlobalVariableDefs.obj (EPwm4RegsFile)

EPwm5RegsFile 
*          1    00004400    00000100     UNINITIALIZED
                  00004400    00000100     F2837xD_GlobalVariableDefs.obj (EPwm5RegsFile)

EPwm6RegsFile 
*          1    00004500    00000100     UNINITIALIZED
                  00004500    00000100     F2837xD_GlobalVariableDefs.obj (EPwm6RegsFile)

EPwm7RegsFile 
*          1    00004600    00000100     UNINITIALIZED
                  00004600    00000100     F2837xD_GlobalVariableDefs.obj (EPwm7RegsFile)

EPwm8RegsFile 
*          1    00004700    00000100     UNINITIALIZED
                  00004700    00000100     F2837xD_GlobalVariableDefs.obj (EPwm8RegsFile)

EPwm9RegsFile 
*          1    00004800    00000100     UNINITIALIZED
                  00004800    00000100     F2837xD_GlobalVariableDefs.obj (EPwm9RegsFile)

EPwm10RegsFile 
*          1    00004900    00000100     UNINITIALIZED
                  00004900    00000100     F2837xD_GlobalVariableDefs.obj (EPwm10RegsFile)

EPwm11RegsFile 
*          1    00004a00    00000100     UNINITIALIZED
                  00004a00    00000100     F2837xD_GlobalVariableDefs.obj (EPwm11RegsFile)

EPwm12RegsFile 
*          1    00004b00    00000100     UNINITIALIZED
                  00004b00    00000100     F2837xD_GlobalVariableDefs.obj (EPwm12RegsFile)

ECap1RegsFile 
*          1    00005000    00000020     UNINITIALIZED
                  00005000    00000020     F2837xD_GlobalVariableDefs.obj (ECap1RegsFile)

ECap2RegsFile 
*          1    00005020    00000020     UNINITIALIZED
                  00005020    00000020     F2837xD_GlobalVariableDefs.obj (ECap2RegsFile)

ECap3RegsFile 
*          1    00005040    00000020     UNINITIALIZED
                  00005040    00000020     F2837xD_GlobalVariableDefs.obj (ECap3RegsFile)

ECap4RegsFile 
*          1    00005060    00000020     UNINITIALIZED
                  00005060    00000020     F2837xD_GlobalVariableDefs.obj (ECap4RegsFile)

ECap5RegsFile 
*          1    00005080    00000020     UNINITIALIZED
                  00005080    00000020     F2837xD_GlobalVariableDefs.obj (ECap5RegsFile)

ECap6RegsFile 
*          1    000050a0    00000020     UNINITIALIZED
                  000050a0    00000020     F2837xD_GlobalVariableDefs.obj (ECap6RegsFile)

EQep1RegsFile 
*          1    00005100    00000022     UNINITIALIZED
                  00005100    00000022     F2837xD_GlobalVariableDefs.obj (EQep1RegsFile)

EQep2RegsFile 
*          1    00005140    00000022     UNINITIALIZED
                  00005140    00000022     F2837xD_GlobalVariableDefs.obj (EQep2RegsFile)

EQep3RegsFile 
*          1    00005180    00000022     UNINITIALIZED
                  00005180    00000022     F2837xD_GlobalVariableDefs.obj (EQep3RegsFile)

DacaRegsFile 
*          1    00005c00    00000008     UNINITIALIZED
                  00005c00    00000008     F2837xD_GlobalVariableDefs.obj (DacaRegsFile)

DacbRegsFile 
*          1    00005c10    00000008     UNINITIALIZED
                  00005c10    00000008     F2837xD_GlobalVariableDefs.obj (DacbRegsFile)

DaccRegsFile 
*          1    00005c20    00000008     UNINITIALIZED
                  00005c20    00000008     F2837xD_GlobalVariableDefs.obj (DaccRegsFile)

AdcaRegsFile 
*          1    00007400    00000080     UNINITIALIZED
                  00007400    00000080     F2837xD_GlobalVariableDefs.obj (AdcaRegsFile)

AdcbRegsFile 
*          1    00007480    00000080     UNINITIALIZED
                  00007480    00000080     F2837xD_GlobalVariableDefs.obj (AdcbRegsFile)

AdccRegsFile 
*          1    00007500    00000080     UNINITIALIZED
                  00007500    00000080     F2837xD_GlobalVariableDefs.obj (AdccRegsFile)

AdcdRegsFile 
*          1    00007580    00000080     UNINITIALIZED
                  00007580    00000080     F2837xD_GlobalVariableDefs.obj (AdcdRegsFile)

AnalogSubsysRegsFile 
*          1    0005d180    00000048     UNINITIALIZED
                  0005d180    00000048     F2837xD_GlobalVariableDefs.obj (AnalogSubsysRegsFile)

Cla1SoftIntRegsFile 
*          1    00000ce0    00000004     DSECT
                  00000ce0    00000004     F2837xD_GlobalVariableDefs.obj (Cla1SoftIntRegsFile)

Cmpss1RegsFile 
*          1    00005c80    00000020     UNINITIALIZED
                  00005c80    00000020     F2837xD_GlobalVariableDefs.obj (Cmpss1RegsFile)

Cmpss2RegsFile 
*          1    00005ca0    00000020     UNINITIALIZED
                  00005ca0    00000020     F2837xD_GlobalVariableDefs.obj (Cmpss2RegsFile)

Cmpss3RegsFile 
*          1    00005cc0    00000020     UNINITIALIZED
                  00005cc0    00000020     F2837xD_GlobalVariableDefs.obj (Cmpss3RegsFile)

Cmpss4RegsFile 
*          1    00005ce0    00000020     UNINITIALIZED
                  00005ce0    00000020     F2837xD_GlobalVariableDefs.obj (Cmpss4RegsFile)

Cmpss5RegsFile 
*          1    00005d00    00000020     UNINITIALIZED
                  00005d00    00000020     F2837xD_GlobalVariableDefs.obj (Cmpss5RegsFile)

Cmpss6RegsFile 
*          1    00005d20    00000020     UNINITIALIZED
                  00005d20    00000020     F2837xD_GlobalVariableDefs.obj (Cmpss6RegsFile)

Cmpss7RegsFile 
*          1    00005d40    00000020     UNINITIALIZED
                  00005d40    00000020     F2837xD_GlobalVariableDefs.obj (Cmpss7RegsFile)

Cmpss8RegsFile 
*          1    00005d60    00000020     UNINITIALIZED
                  00005d60    00000020     F2837xD_GlobalVariableDefs.obj (Cmpss8RegsFile)

Sdfm1RegsFile 
*          1    00005e00    00000080     UNINITIALIZED
                  00005e00    00000080     F2837xD_GlobalVariableDefs.obj (Sdfm1RegsFile)

Sdfm2RegsFile 
*          1    00005e80    00000080     UNINITIALIZED
                  00005e80    00000080     F2837xD_GlobalVariableDefs.obj (Sdfm2RegsFile)

McbspaRegsFile 
*          1    00006000    00000024     UNINITIALIZED
                  00006000    00000024     F2837xD_GlobalVariableDefs.obj (McbspaRegsFile)

McbspbRegsFile 
*          1    00006040    00000024     UNINITIALIZED
                  00006040    00000024     F2837xD_GlobalVariableDefs.obj (McbspbRegsFile)

SpiaRegsFile 
*          1    00006100    00000010     UNINITIALIZED
                  00006100    00000010     F2837xD_GlobalVariableDefs.obj (SpiaRegsFile)

SpibRegsFile 
*          1    00006110    00000010     UNINITIALIZED
                  00006110    00000010     F2837xD_GlobalVariableDefs.obj (SpibRegsFile)

SpicRegsFile 
*          1    00006120    00000010     UNINITIALIZED
                  00006120    00000010     F2837xD_GlobalVariableDefs.obj (SpicRegsFile)

UppRegsFile 
*          1    00006200    00000048     UNINITIALIZED
                  00006200    00000048     F2837xD_GlobalVariableDefs.obj (UppRegsFile)

WdRegsFile 
*          1    00007000    0000002b     UNINITIALIZED
                  00007000    0000002b     F2837xD_GlobalVariableDefs.obj (WdRegsFile)

NmiIntruptRegsFile 
*          1    00007060    00000007     UNINITIALIZED
                  00007060    00000007     F2837xD_GlobalVariableDefs.obj (NmiIntruptRegsFile)

XintRegsFile 
*          1    00007070    0000000b     UNINITIALIZED
                  00007070    0000000b     F2837xD_GlobalVariableDefs.obj (XintRegsFile)

SciaRegsFile 
*          1    00007200    00000010     UNINITIALIZED
                  00007200    00000010     F2837xD_GlobalVariableDefs.obj (SciaRegsFile)

ScibRegsFile 
*          1    00007210    00000010     UNINITIALIZED
                  00007210    00000010     F2837xD_GlobalVariableDefs.obj (ScibRegsFile)

ScicRegsFile 
*          1    00007220    00000010     UNINITIALIZED
                  00007220    00000010     F2837xD_GlobalVariableDefs.obj (ScicRegsFile)

ScidRegsFile 
*          1    00007230    00000010     UNINITIALIZED
                  00007230    00000010     F2837xD_GlobalVariableDefs.obj (ScidRegsFile)

I2caRegsFile 
*          1    00007300    00000022     UNINITIALIZED
                  00007300    00000022     F2837xD_GlobalVariableDefs.obj (I2caRegsFile)

I2cbRegsFile 
*          1    00007340    00000022     UNINITIALIZED
                  00007340    00000022     F2837xD_GlobalVariableDefs.obj (I2cbRegsFile)

InputXbarRegsFile 
*          1    00007900    00000020     UNINITIALIZED
                  00007900    00000020     F2837xD_GlobalVariableDefs.obj (InputXbarRegsFile)

XbarRegsFile 
*          1    00007920    00000020     UNINITIALIZED
                  00007920    00000020     F2837xD_GlobalVariableDefs.obj (XbarRegsFile)

SyncSocRegsFile 
*          1    00007940    00000006     UNINITIALIZED
                  00007940    00000006     F2837xD_GlobalVariableDefs.obj (SyncSocRegsFile)

DmaClaSrcSelRegsFile 
*          1    00007980    0000001a     UNINITIALIZED
                  00007980    0000001a     F2837xD_GlobalVariableDefs.obj (DmaClaSrcSelRegsFile)

EPwmXbarRegsFile 
*          1    00007a00    00000040     UNINITIALIZED
                  00007a00    00000040     F2837xD_GlobalVariableDefs.obj (EPwmXbarRegsFile)

OutputXbarRegsFile 
*          1    00007a80    00000040     UNINITIALIZED
                  00007a80    00000040     F2837xD_GlobalVariableDefs.obj (OutputXbarRegsFile)

GpioCtrlRegsFile 
*          1    00007c00    00000180     UNINITIALIZED
                  00007c00    00000180     F2837xD_GlobalVariableDefs.obj (GpioCtrlRegsFile)

GpioDataRegsFile 
*          1    00007f00    00000030     UNINITIALIZED
                  00007f00    00000030     F2837xD_GlobalVariableDefs.obj (GpioDataRegsFile)

Emif1RegsFile 
*          1    00047000    00000070     UNINITIALIZED
                  00047000    00000070     F2837xD_GlobalVariableDefs.obj (Emif1RegsFile)

Emif2RegsFile 
*          1    00047800    00000070     UNINITIALIZED
                  00047800    00000070     F2837xD_GlobalVariableDefs.obj (Emif2RegsFile)

IpcRegsFile 
*          1    00050000    00000024     UNINITIALIZED
                  00050000    00000024     F2837xD_GlobalVariableDefs.obj (IpcRegsFile)

FlashPumpSemaphoreRegsFile 
*          1    00050024    00000002     UNINITIALIZED
                  00050024    00000002     F2837xD_GlobalVariableDefs.obj (FlashPumpSemaphoreRegsFile)

RomPrefetchRegsFile 
*          1    0005e608    00000002     UNINITIALIZED
                  0005e608    00000002     F2837xD_GlobalVariableDefs.obj (RomPrefetchRegsFile)

DcsmZ1RegsFile 
*          1    0005f000    00000024     UNINITIALIZED
                  0005f000    00000024     F2837xD_GlobalVariableDefs.obj (DcsmZ1RegsFile)

DcsmZ2RegsFile 
*          1    0005f040    00000024     UNINITIALIZED
                  0005f040    00000024     F2837xD_GlobalVariableDefs.obj (DcsmZ2RegsFile)

DcsmCommonRegsFile 
*          1    0005f070    00000008     UNINITIALIZED
                  0005f070    00000008     F2837xD_GlobalVariableDefs.obj (DcsmCommonRegsFile)

MemCfgRegsFile 
*          1    0005f400    00000080     UNINITIALIZED
                  0005f400    00000080     F2837xD_GlobalVariableDefs.obj (MemCfgRegsFile)

Emif1ConfigRegsFile 
*          1    0005f480    00000020     UNINITIALIZED
                  0005f480    00000020     F2837xD_GlobalVariableDefs.obj (Emif1ConfigRegsFile)

Emif2ConfigRegsFile 
*          1    0005f4a0    00000020     UNINITIALIZED
                  0005f4a0    00000020     F2837xD_GlobalVariableDefs.obj (Emif2ConfigRegsFile)

AccessProtectionRegsFile 
*          1    0005f4c0    00000040     UNINITIALIZED
                  0005f4c0    00000040     F2837xD_GlobalVariableDefs.obj (AccessProtectionRegsFile)

MemoryErrorRegsFile 
*          1    0005f500    00000040     UNINITIALIZED
                  0005f500    00000040     F2837xD_GlobalVariableDefs.obj (MemoryErrorRegsFile)

RomWaitStateRegsFile 
*          1    0005f540    00000002     UNINITIALIZED
                  0005f540    00000002     F2837xD_GlobalVariableDefs.obj (RomWaitStateRegsFile)

Flash0CtrlRegsFile 
*          1    0005f800    00000182     UNINITIALIZED
                  0005f800    00000182     F2837xD_GlobalVariableDefs.obj (Flash0CtrlRegsFile)

Flash0EccRegsFile 
*          1    0005fb00    00000028     UNINITIALIZED
                  0005fb00    00000028     F2837xD_GlobalVariableDefs.obj (Flash0EccRegsFile)

DcsmZ1OtpFile 
*          1    00078000    00000020     NOLOAD SECTION
                  00078000    00000020     F2837xD_GlobalVariableDefs.obj (DcsmZ1OtpFile)

DcsmZ2OtpFile 
*          1    00078200    00000020     NOLOAD SECTION
                  00078200    00000020     F2837xD_GlobalVariableDefs.obj (DcsmZ2OtpFile)

DevCfgRegsFile 
*          1    0005d000    0000012e     UNINITIALIZED
                  0005d000    0000012e     F2837xD_GlobalVariableDefs.obj (DevCfgRegsFile)

ClkCfgRegsFile 
*          1    0005d200    00000032     UNINITIALIZED
                  0005d200    00000032     F2837xD_GlobalVariableDefs.obj (ClkCfgRegsFile)

CpuSysRegsFile 
*          1    0005d300    00000082     UNINITIALIZED
                  0005d300    00000082     F2837xD_GlobalVariableDefs.obj (CpuSysRegsFile)

.text      0    0008206c    00001763     
                  0008206c    00000585     F2837xD_DefaultISR.obj (.text:retain)
                  000825f1    0000046b     F2837xD_EPwm.obj (.text)
                  00082a5c    000002d6     F2837xD_SysCtrl.obj (.text)
                  00082d32    00000249     F2837xD_Gpio.obj (.text)
                  00082f7b    000001db     F2837xD_Adc.obj (.text)
                  00083156    00000195     AppADCInput.obj (.text)
                  000832eb    00000103     F2837xD_DAC.obj (.text)
                  000833ee    00000094     F2837xD_EQep.obj (.text)
                  00083482    00000084     main.obj (.text)
                  00083506    0000007c     F2837xD_CpuTimers.obj (.text)
                  00083582    00000056     rts2800_fpu32.lib : boot28.asm.obj (.text)
                  000835d8    00000041     AppLab.obj (.text)
                  00083619    00000040     AppFaultCheck.obj (.text)
                  00083659    0000003e     AppPosSen.obj (.text)
                  00083697    00000038     AppMotCtrl.obj (.text)
                  000836cf    00000029     rts2800_fpu32.lib : exit.c.obj (.text)
                  000836f8    00000028     F2837xD_PieCtrl.obj (.text)
                  00083720    00000026     F2837xD_PieVect.obj (.text)
                  00083746    00000024     rts2800_fpu32.lib : cpy_tbl.c.obj (.text)
                  0008376a    0000001d                       : memcpy.c.obj (.text)
                  00083787    00000012                       : args_main.c.obj (.text)
                  00083799    00000011     AppSeq.obj (.text)
                  000837aa    0000000f     interrupt.obj (.text:retain)
                  000837b9    00000009     rts2800_fpu32.lib : _lock.c.obj (.text)
                  000837c2    00000008     F2837xD_CodeStartBranch.obj (.text)
                  000837ca    00000002     AppDCMtrCtrl.obj (.text)
                  000837cc    00000002     rts2800_fpu32.lib : pre_init.c.obj (.text)
                  000837ce    00000001                       : startup.c.obj (.text)

.ebss.1    1    0000a800    0000013c     UNINITIALIZED
                  0000a800    0000007e     AppADCInput.obj (.ebss)
                  0000a87e    00000002     rts2800_fpu32.lib : _lock.c.obj (.ebss:__lock)
                  0000a880    00000058     AppLab.obj (.ebss)
                  0000a8d8    00000026     AppFaultCheck.obj (.ebss)
                  0000a8fe    00000002     rts2800_fpu32.lib : _lock.c.obj (.ebss:__unlock)
                  0000a900    00000020     F2837xD_DAC.obj (.ebss)
                  0000a920    0000001c     AppMotCtrl.obj (.ebss)

.ebss.2    1    0000a940    00000050     UNINITIALIZED
                  0000a940    00000018     F2837xD_CpuTimers.obj (.ebss)
                  0000a958    00000016     AppPosSen.obj (.ebss)
                  0000a96e    00000012     AppDCMtrCtrl.obj (.ebss)
                  0000a980    0000000a     AppSeq.obj (.ebss)
                  0000a98a    00000006     rts2800_fpu32.lib : exit.c.obj (.ebss)

MODULE SUMMARY

       Module                           code    initialized data   uninitialized data
       ------                           ----    ----------------   ------------------
    ..\App\
       F2837xD_EPwm.obj                 1131    0                  0                 
       AppADCInput.obj                  981     15                 126               
       AppFaultCheck.obj                800     12                 38                
       AppDCMtrCtrl.obj                 466     0                  18                
       F2837xD_Adc.obj                  475     0                  0                 
       AppPosSen.obj                    362     5                  22                
       F2837xD_CpuTimers.obj            124     0                  24                
       F2837xD_EQep.obj                 148     0                  0                 
    +--+--------------------------------+-------+------------------+--------------------+
       Total:                           4487    32                 228               
                                                                                     
    .\App\
       F2837xD_GlobalVariableDefs.obj   0       0                  8047              
       F2837xD_DefaultISR.obj           1413    0                  0                 
       AppLab.obj                       1107    25                 88                
       AppSeq.obj                       815     25                 10                
       F2837xD_SysCtrl.obj              836     0                  0                 
       F2837xD_Gpio.obj                 585     0                  0                 
       F2837xD_PieVect.obj              38      448                0                 
       F2837xD_DAC.obj                  259     0                  32                
       main.obj                         132     0                  0                 
       AppMotCtrl.obj                   72      0                  28                
       F2837xD_PieCtrl.obj              40      0                  0                 
       F2837xD_CodeStartBranch.obj      10      0                  0                 
       F2837xD_usDelay.obj              8       0                  0                 
    +--+--------------------------------+-------+------------------+--------------------+
       Total:                           5315    498                8205              
                                                                                     
    .\common_include\driverlib\
       interrupt.obj                    15      0                  0                 
       sysctl.obj                       8       0                  0                 
    +--+--------------------------------+-------+------------------+--------------------+
       Total:                           23      0                  0                 
                                                                                     
    C:\ti\ccs1011\ccs\tools\compiler\ti-cgt-c2000_20.2.1.LTS\lib\rts2800_fpu32.lib
       boot28.asm.obj                   86      0                  0                 
       exit.c.obj                       41      14                 6                 
       cpy_tbl.c.obj                    36      0                  0                 
       memcpy.c.obj                     29      0                  0                 
       _lock.c.obj                      9       10                 4                 
       args_main.c.obj                  18      0                  0                 
       pre_init.c.obj                   2       0                  0                 
       startup.c.obj                    1       0                  0                 
    +--+--------------------------------+-------+------------------+--------------------+
       Total:                           222     24                 10                
                                                                                     
       Stack:                           0       0                  512               
    +--+--------------------------------+-------+------------------+--------------------+
       Grand Total:                     10047   554                8955              


GLOBAL DATA SYMBOLS: SORTED BY DATA PAGE

address     data page           name
--------    ----------------    ----
00000400      10 (00000400)     __stack

00000b00      2c (00000b00)     _AdcaResultRegs
00000b20      2c (00000b00)     _AdcbResultRegs

00000b40      2d (00000b40)     _AdccResultRegs
00000b60      2d (00000b40)     _AdcdResultRegs

00000c00      30 (00000c00)     _CpuTimer0Regs
00000c08      30 (00000c00)     _CpuTimer1Regs
00000c10      30 (00000c00)     _CpuTimer2Regs

00000ce0      33 (00000cc0)     _Cla1SoftIntRegs
00000ce0      33 (00000cc0)     _PieCtrlRegs

00000d00      34 (00000d00)     _EmuKey
00000d00      34 (00000d00)     _PieVectTable
00000d01      34 (00000d00)     _EmuBMode

00001000      40 (00001000)     _DmaRegs

00001400      50 (00001400)     _Cla1Regs

00004000     100 (00004000)     _EPwm1Regs

00004100     104 (00004100)     _EPwm2Regs

00004200     108 (00004200)     _EPwm3Regs

00004300     10c (00004300)     _EPwm4Regs

00004400     110 (00004400)     _EPwm5Regs

00004500     114 (00004500)     _EPwm6Regs

00004600     118 (00004600)     _EPwm7Regs

00004700     11c (00004700)     _EPwm8Regs

00004800     120 (00004800)     _EPwm9Regs

00004900     124 (00004900)     _EPwm10Regs

00004a00     128 (00004a00)     _EPwm11Regs

00004b00     12c (00004b00)     _EPwm12Regs

00005000     140 (00005000)     _ECap1Regs
00005020     140 (00005000)     _ECap2Regs

00005040     141 (00005040)     _ECap3Regs
00005060     141 (00005040)     _ECap4Regs

00005080     142 (00005080)     _ECap5Regs
000050a0     142 (00005080)     _ECap6Regs

00005100     144 (00005100)     _EQep1Regs

00005140     145 (00005140)     _EQep2Regs

00005180     146 (00005180)     _EQep3Regs

00005c00     170 (00005c00)     _DacaRegs
00005c10     170 (00005c00)     _DacbRegs
00005c20     170 (00005c00)     _DaccRegs

00005c80     172 (00005c80)     _Cmpss1Regs
00005ca0     172 (00005c80)     _Cmpss2Regs

00005cc0     173 (00005cc0)     _Cmpss3Regs
00005ce0     173 (00005cc0)     _Cmpss4Regs

00005d00     174 (00005d00)     _Cmpss5Regs
00005d20     174 (00005d00)     _Cmpss6Regs

00005d40     175 (00005d40)     _Cmpss7Regs
00005d60     175 (00005d40)     _Cmpss8Regs

00005e00     178 (00005e00)     _Sdfm1Regs

00005e80     17a (00005e80)     _Sdfm2Regs

00006000     180 (00006000)     _McbspaRegs

00006040     181 (00006040)     _McbspbRegs

00006100     184 (00006100)     _SpiaRegs
00006110     184 (00006100)     _SpibRegs
00006120     184 (00006100)     _SpicRegs

00006200     188 (00006200)     _UppRegs

00007000     1c0 (00007000)     _WdRegs

00007060     1c1 (00007040)     _NmiIntruptRegs
00007070     1c1 (00007040)     _XintRegs

00007200     1c8 (00007200)     _SciaRegs
00007210     1c8 (00007200)     _ScibRegs
00007220     1c8 (00007200)     _ScicRegs
00007230     1c8 (00007200)     _ScidRegs

00007300     1cc (00007300)     _I2caRegs

00007340     1cd (00007340)     _I2cbRegs

00007400     1d0 (00007400)     _AdcaRegs

00007480     1d2 (00007480)     _AdcbRegs

00007500     1d4 (00007500)     _AdccRegs

00007580     1d6 (00007580)     _AdcdRegs

00007900     1e4 (00007900)     _InputXbarRegs
00007920     1e4 (00007900)     _XbarRegs

00007940     1e5 (00007940)     _SyncSocRegs

00007980     1e6 (00007980)     _DmaClaSrcSelRegs

00007a00     1e8 (00007a00)     _EPwmXbarRegs

00007a80     1ea (00007a80)     _OutputXbarRegs

00007c00     1f0 (00007c00)     _GpioCtrlRegs

00007f00     1fc (00007f00)     _GpioDataRegs

0000a800     2a0 (0000a800)     _mfCurFilOutGain
0000a802     2a0 (0000a800)     _mfCurFilInGain
0000a804     2a0 (0000a800)     _mfVolFilOutGain
0000a806     2a0 (0000a800)     _mfVolFilInGain
0000a808     2a0 (0000a800)     _CUR_filter_freq
0000a80a     2a0 (0000a800)     _VOL_filter_freq
0000a80c     2a0 (0000a800)     _gfDCMotCurH
0000a80e     2a0 (0000a800)     _gfDCMotCurH_lpf
0000a810     2a0 (0000a800)     _gfDCMotCurL
0000a812     2a0 (0000a800)     _gfDCMotCurL_lpf
0000a814     2a0 (0000a800)     _gfInvVdc
0000a816     2a0 (0000a800)     _gfInvVdc_lpf
0000a818     2a0 (0000a800)     _gfMCUTemp
0000a81a     2a0 (0000a800)     _gstMotCurSign
0000a820     2a0 (0000a800)     _gstMotCurAbs
0000a826     2a0 (0000a800)     _mstADC_MotCur_a_ph
0000a82e     2a0 (0000a800)     _mstADC_MotCur_b_ph
0000a836     2a0 (0000a800)     _mstADC_MotCur_c_ph

0000a840     2a1 (0000a840)     _mstADC_InvVdc
0000a848     2a1 (0000a840)     _mstADC_Vref
0000a850     2a1 (0000a840)     _mstADC_InvVol_a_ph
0000a858     2a1 (0000a840)     _mstADC_InvVol_b_ph
0000a860     2a1 (0000a840)     _mstADC_InvVol_c_ph
0000a868     2a1 (0000a840)     _gstMotCur
0000a87e     2a1 (0000a840)     __lock

0000a880     2a2 (0000a880)     _muiDacSel
0000a882     2a2 (0000a880)     _gfMecRad
0000a884     2a2 (0000a880)     _gfMecRad_old
0000a886     2a2 (0000a880)     _gfDeltaRad
0000a888     2a2 (0000a880)     _gfSpdRpm
0000a88a     2a2 (0000a880)     _gfSpdRad
0000a88c     2a2 (0000a880)     _gfSpdRad_lpf
0000a88e     2a2 (0000a880)     _gfSpdRpm_lpf
0000a890     2a2 (0000a880)     _gfSig
0000a892     2a2 (0000a880)     _gfMag
0000a894     2a2 (0000a880)     _gfTheta
0000a896     2a2 (0000a880)     _gfFreq
0000a898     2a2 (0000a880)     _gfDeltaTime
0000a89a     2a2 (0000a880)     _mfSpdCtrlOutLim
0000a89c     2a2 (0000a880)     _gstCurCtrl

0000a8c0     2a3 (0000a8c0)     _gstSpdCtrl
0000a8d8     2a3 (0000a8c0)     _guiErrCode
0000a8d9     2a3 (0000a8c0)     _muiErr_Cnt
0000a8da     2a3 (0000a8c0)     _gstErrFlags
0000a8dc     2a3 (0000a8c0)     _gstErr_Val
0000a8e6     2a3 (0000a8c0)     _gstTripVal
0000a8fe     2a3 (0000a8c0)     __unlock

0000a900     2a4 (0000a900)     _gfDAC_Val_1
0000a902     2a4 (0000a900)     _gfDAC_Val_2
0000a904     2a4 (0000a900)     _gfDAC_Val_3
0000a906     2a4 (0000a900)     _gfDAC_Val_4
0000a908     2a4 (0000a900)     _gstDAC_CH1
0000a90e     2a4 (0000a900)     _gstDAC_CH2
0000a914     2a4 (0000a900)     _gstDAC_CH3
0000a91a     2a4 (0000a900)     _gstDAC_CH4
0000a920     2a4 (0000a900)     _gfVs_vf
0000a922     2a4 (0000a900)     _gstCurOn
0000a928     2a4 (0000a900)     _gstVariFreq

0000a940     2a5 (0000a940)     _CpuTimer0
0000a948     2a5 (0000a940)     _CpuTimer1
0000a950     2a5 (0000a940)     _CpuTimer2
0000a958     2a5 (0000a940)     _guiPosCnt
0000a959     2a5 (0000a940)     _muiSpdCalCnt
0000a95a     2a5 (0000a940)     _Deg_delta
0000a95c     2a5 (0000a940)     _gstPosSen
0000a96e     2a5 (0000a940)     _gstMD_PWM1

0000a980     2a6 (0000a980)     _gstFlags
0000a981     2a6 (0000a980)     _gstTimeFlags
0000a982     2a6 (0000a980)     _ADC_Index
0000a983     2a6 (0000a980)     _Start_PWM_CNT
0000a984     2a6 (0000a980)     _Finish_PWM_CNT
0000a985     2a6 (0000a980)     _muiVol_Cnt
0000a986     2a6 (0000a980)     _count_int_adca
0000a988     2a6 (0000a980)     _gfSpdCmd_RPM
0000a98a     2a6 (0000a980)     ___TI_enable_exit_profile_output
0000a98c     2a6 (0000a980)     ___TI_cleanup_ptr
0000a98e     2a6 (0000a980)     ___TI_dtors_ptr

00047000    11c0 (00047000)     _Emif1Regs

00047800    11e0 (00047800)     _Emif2Regs

00050000    1400 (00050000)     _IpcRegs
00050024    1400 (00050000)     _FlashPumpSemaphoreRegs

0005d000    1740 (0005d000)     _DevCfgRegs

0005d180    1746 (0005d180)     _AnalogSubsysRegs

0005d200    1748 (0005d200)     _ClkCfgRegs

0005d300    174c (0005d300)     _CpuSysRegs

0005e608    1798 (0005e600)     _RomPrefetchRegs

0005f000    17c0 (0005f000)     _DcsmZ1Regs

0005f040    17c1 (0005f040)     _DcsmZ2Regs
0005f070    17c1 (0005f040)     _DcsmCommonRegs

0005f400    17d0 (0005f400)     _MemCfgRegs

0005f480    17d2 (0005f480)     _Emif1ConfigRegs
0005f4a0    17d2 (0005f480)     _Emif2ConfigRegs

0005f4c0    17d3 (0005f4c0)     _AccessProtectionRegs

0005f500    17d4 (0005f500)     _MemoryErrorRegs

0005f540    17d5 (0005f540)     _RomWaitStateRegs

0005f800    17e0 (0005f800)     _Flash0CtrlRegs

0005fb00    17ec (0005fb00)     _Flash0EccRegs

00078000    1e00 (00078000)     _DcsmZ1Otp

00078200    1e08 (00078200)     _DcsmZ2Otp

00098000    2600 (00098000)     _PieVectTableInit


GLOBAL SYMBOLS: SORTED ALPHABETICALLY BY Name 

page  address   name                                  
----  -------   ----                                  
abs   ffffffff  .text                                 
0     000836cf  C$$EXIT                               
0     0008212a  _ADCA1_ISR                            
0     000823aa  _ADCA2_ISR                            
0     000823b4  _ADCA3_ISR                            
0     000823be  _ADCA4_ISR                            
0     000823a0  _ADCA_EVT_ISR                         
0     00082134  _ADCB1_ISR                            
0     000823d2  _ADCB2_ISR                            
0     000823dc  _ADCB3_ISR                            
0     000823e6  _ADCB4_ISR                            
0     000823c8  _ADCB_EVT_ISR                         
0     0008213e  _ADCC1_ISR                            
0     0008253a  _ADCC2_ISR                            
0     00082544  _ADCC3_ISR                            
0     0008254e  _ADCC4_ISR                            
0     00082530  _ADCC_EVT_ISR                         
0     0008215c  _ADCD1_ISR                            
0     00082562  _ADCD2_ISR                            
0     0008256c  _ADCD3_ISR                            
0     00082576  _ADCD4_ISR                            
0     00082558  _ADCD_EVT_ISR                         
1     0000a982  _ADC_Index                            
0     000825b2  _AUX_PLL_SLIP_ISR                     
1     0005f4c0  _AccessProtectionRegs                 
0     00083065  _AdcSetMode                           
1     00007400  _AdcaRegs                             
1     00000b00  _AdcaResultRegs                       
1     00007480  _AdcbRegs                             
1     00000b20  _AdcbResultRegs                       
1     00007500  _AdccRegs                             
1     00000b40  _AdccResultRegs                       
1     00007580  _AdcdRegs                             
1     00000b60  _AdcdResultRegs                       
1     0005d180  _AnalogSubsysRegs                     
0     00083171  _AppAI_CalOffset                      
0     000832a3  _AppAI_CalOffset_Mot                  
0     00019508  _AppAI_GetValue                       
0     0008316c  _AppAI_Init                           
0     0008322e  _AppAI_Init_Mot                       
0     000831ea  _AppAI_Init_Variable                  
0     00083174  _AppAI_SetOffset                      
0     000837ca  _AppDMCtrl_Init                       
0     000837cb  _AppDMCtrl_Off                        
0     00019628  _AppDMCtrl_Run                        
0     00019398  _AppFC_CheckFault                     
0     00083658  _AppFC_ClearFault                     
0     00083619  _AppFC_Init                           
0     00019001  _AppLab_Cal_Mtr_Spd                   
0     000190c4  _AppLab_Get_DAC                       
0     000835d8  _AppLab_Init                          
0     00019000  _AppLab_Run_100usec                   
0     0001904f  _AppMotCtrl_Ctrl_Spd                  
0     00019006  _AppMotCtrl_Cur_H                     
0     000197e4  _AppMotCtrl_DAxisTest                 
0     00083697  _AppMotCtrl_Init                      
0     000836c9  _AppMotCtrl_Init_PWMOff               
0     000197dd  _AppMotCtrl_OpenLoop                  
0     00019710  _AppPosSen_GetVal                     
0     00083659  _AppPosSen_Init                       
0     00083799  _AppSeq_Init                          
0     00082cde  _AuxAuxClkSel                         
0     00082cc8  _AuxIntOsc2Sel                        
0     00082cd2  _AuxXtalOscSel                        
0     00082378  _CANA0_ISR                            
0     00082382  _CANA1_ISR                            
0     0008238c  _CANB0_ISR                            
0     00082396  _CANB1_ISR                            
0     000823f0  _CLA1_1_ISR                           
0     000823fa  _CLA1_2_ISR                           
0     00082404  _CLA1_3_ISR                           
0     0008240e  _CLA1_4_ISR                           
0     00082418  _CLA1_5_ISR                           
0     00082422  _CLA1_6_ISR                           
0     0008242c  _CLA1_7_ISR                           
0     00082436  _CLA1_8_ISR                           
0     000825bc  _CLA_OVERFLOW_ISR                     
0     000825c6  _CLA_UNDERFLOW_ISR                    
1     0000a808  _CUR_filter_freq                      
0     0008311c  _CalAdcINL                            
1     00001400  _Cla1Regs                             
0     00000ce0  _Cla1SoftIntRegs                      
1     0005d200  _ClkCfgRegs                           
1     00005c80  _Cmpss1Regs                           
1     00005ca0  _Cmpss2Regs                           
1     00005cc0  _Cmpss3Regs                           
1     00005ce0  _Cmpss4Regs                           
1     00005d00  _Cmpss5Regs                           
1     00005d20  _Cmpss6Regs                           
1     00005d40  _Cmpss7Regs                           
1     00005d60  _Cmpss8Regs                           
0     00083547  _ConfigCpuTimer                       
1     0005d300  _CpuSysRegs                           
1     0000a940  _CpuTimer0                            
1     00000c00  _CpuTimer0Regs                        
1     0000a948  _CpuTimer1                            
1     00000c08  _CpuTimer1Regs                        
1     0000a950  _CpuTimer2                            
1     00000c10  _CpuTimer2Regs                        
0     00082c87  _CsmUnlock                            
0     00082080  _DATALOG_ISR                          
0     000822c4  _DMA_CH1_ISR                          
0     000822ce  _DMA_CH2_ISR                          
0     000822d8  _DMA_CH3_ISR                          
0     000822e2  _DMA_CH4_ISR                          
0     000822ec  _DMA_CH5_ISR                          
0     000822f6  _DMA_CH6_ISR                          
1     00005c00  _DacaRegs                             
1     00005c10  _DacbRegs                             
1     00005c20  _DaccRegs                             
1     0005f070  _DcsmCommonRegs                       
1     00078000  _DcsmZ1Otp                            
1     0005f000  _DcsmZ1Regs                           
1     00078200  _DcsmZ2Otp                            
1     0005f040  _DcsmZ2Regs                           
1     0000a95a  _Deg_delta                            
1     0005d000  _DevCfgRegs                           
0     00082b63  _DisableDog                           
0     00082b24  _DisablePeripheralClocks              
1     00007980  _DmaClaSrcSelRegs                     
1     00001000  _DmaRegs                              
0     0008221a  _ECAP1_ISR                            
0     00082224  _ECAP2_ISR                            
0     0008222e  _ECAP3_ISR                            
0     00082238  _ECAP4_ISR                            
0     00082242  _ECAP5_ISR                            
0     0008224c  _ECAP6_ISR                            
1     00005000  _ECap1Regs                            
1     00005020  _ECap2Regs                            
1     00005040  _ECap3Regs                            
1     00005060  _ECap4Regs                            
1     00005080  _ECap5Regs                            
1     000050a0  _ECap6Regs                            
0     00082580  _EMIF_ERROR_ISR                       
0     000825da  _EMPTY_ISR                            
0     00082094  _EMU_ISR                              
0     000824d6  _EPWM10_ISR                           
0     000824ae  _EPWM10_TZ_ISR                        
0     000824e0  _EPWM11_ISR                           
0     000824b8  _EPWM11_TZ_ISR                        
0     000824ea  _EPWM12_ISR                           
0     000824c2  _EPWM12_TZ_ISR                        
0     000821ca  _EPWM1_ISR                            
0     0008217a  _EPWM1_TZ_ISR                         
0     000821d4  _EPWM2_ISR                            
0     00082184  _EPWM2_TZ_ISR                         
0     000821de  _EPWM3_ISR                            
0     0008218e  _EPWM3_TZ_ISR                         
0     000821e8  _EPWM4_ISR                            
0     00082198  _EPWM4_TZ_ISR                         
0     000821f2  _EPWM5_ISR                            
0     000821a2  _EPWM5_TZ_ISR                         
0     000821fc  _EPWM6_ISR                            
0     000821ac  _EPWM6_TZ_ISR                         
0     00082206  _EPWM7_ISR                            
0     000821b6  _EPWM7_TZ_ISR                         
0     00082210  _EPWM8_ISR                            
0     000821c0  _EPWM8_TZ_ISR                         
0     000824cc  _EPWM9_ISR                            
0     000824a4  _EPWM9_TZ_ISR                         
1     00004900  _EPwm10Regs                           
1     00004a00  _EPwm11Regs                           
1     00004b00  _EPwm12Regs                           
1     00004000  _EPwm1Regs                            
1     00004100  _EPwm2Regs                            
1     00004200  _EPwm3Regs                            
1     00004300  _EPwm4Regs                            
1     00004400  _EPwm5Regs                            
1     00004500  _EPwm6Regs                            
1     00004600  _EPwm7Regs                            
1     00004700  _EPwm8Regs                            
1     00004800  _EPwm9Regs                            
1     00007a00  _EPwmXbarRegs                         
0     00082256  _EQEP1_ISR                            
0     00082260  _EQEP2_ISR                            
0     0008226a  _EQEP3_ISR                            
1     00005100  _EQep1Regs                            
1     00005140  _EQep2Regs                            
1     00005180  _EQep3Regs                            
1     0005f480  _Emif1ConfigRegs                      
1     00047000  _Emif1Regs                            
1     0005f4a0  _Emif2ConfigRegs                      
1     00047800  _Emif2Regs                            
1     00000d01  _EmuBMode                             
1     00000d00  _EmuKey                               
0     00083717  _EnableInterrupts                     
0     000197e5  _F28x_usDelay                         
0     00082594  _FLASH_CORRECTABLE_ERROR_ISR          
0     00082468  _FPU_OVERFLOW_ISR                     
0     00082472  _FPU_UNDERFLOW_ISR                    
0     000834fc  _FcnTask_100ms                        
0     000834fb  _FcnTask_10ms                         
0     000834f9  _FcnTask_1ms                          
0     00083501  _FcnTask_1s                           
0     000834fa  _FcnTask_2ms                          
1     0000a984  _Finish_PWM_CNT                       
1     0005f800  _Flash0CtrlRegs                       
1     0005fb00  _Flash0EccRegs                        
0     000197cf  _FlashOff                             
1     00050024  _FlashPumpSemaphoreRegs               
0     00082f30  _GPIO_EnableUnbondedIOPullups         
0     00082f0b  _GPIO_EnableUnbondedIOPullupsFor100Pin
0     00082ef2  _GPIO_EnableUnbondedIOPullupsFor176Pin
0     00082f46  _GPIO_ReadPin                         
0     00082e97  _GPIO_SetupLock                       
0     00082d77  _GPIO_SetupPinMux                     
0     00082e03  _GPIO_SetupPinOptions                 
0     00082ec0  _GPIO_SetupXINT1Gpio                  
0     00082eca  _GPIO_SetupXINT2Gpio                  
0     00082ed4  _GPIO_SetupXINT3Gpio                  
0     00082ede  _GPIO_SetupXINT4Gpio                  
0     00082ee8  _GPIO_SetupXINT5Gpio                  
0     00082f5d  _GPIO_WritePin                        
1     00007c00  _GpioCtrlRegs                         
1     00007f00  _GpioDataRegs                         
0     00082cfc  _HALT                                 
0     00082d15  _HIB                                  
0     0008230a  _I2CA_FIFO_ISR                        
0     00082300  _I2CA_ISR                             
0     0008231e  _I2CB_FIFO_ISR                        
0     00082314  _I2CB_ISR                             
1     00007300  _I2caRegs                             
1     00007340  _I2cbRegs                             
0     00082ce8  _IDLE                                 
0     000820a8  _ILLEGAL_ISR                          
0     0008247c  _IPC0_ISR                             
0     00082486  _IPC1_ISR                             
0     00082490  _IPC2_ISR                             
0     0008249a  _IPC3_ISR                             
0     00082f7b  _InitADC                              
0     00082bf5  _InitAuxPll                           
0     00083506  _InitCpuTimers                        
0     00083337  _InitDAC1Gpio                         
0     00083395  _InitDAC2Gpio                         
0     000832eb  _InitDACGpio                          
0     000829ce  _InitEPwm10Gpio                       
0     00082a35  _InitEPwm11Gpio                       
0     00082a49  _InitEPwm12Gpio                       
0     000826ed  _InitEPwm1Gpio                        
0     0008274a  _InitEPwm2Gpio                        
0     000827c4  _InitEPwm3Gpio                        
0     00082820  _InitEPwm4Gpio                        
0     00082887  _InitEPwm5Gpio                        
0     00082899  _InitEPwm6Gpio                        
0     000828ab  _InitEPwm7Gpio                        
0     00082907  _InitEPwm8Gpio                        
0     00082974  _InitEPwm9Gpio                        
0     000825f1  _InitEPwmGpio                         
0     000833ee  _InitEQep                             
0     000833f2  _InitEQep1Gpio                        
0     0008340a  _InitEQep2Gpio                        
0     00083444  _InitEQep3Gpio                        
0     000833ef  _InitEQepGpio                         
0     000197a6  _InitFlash                            
0     00082d32  _InitGpio                             
0     00082aa0  _InitPeripheralClocks                 
0     000836f8  _InitPieCtrl                          
0     00083720  _InitPieVectTable                     
0     00082a5c  _InitSysCtrl                          
0     00082b71  _InitSysPll                           
1     00007900  _InputXbarRegs                        
0     000837aa  _IntDefaultHandler                    
1     00050000  _IpcRegs                              
0     0008229c  _MCBSPA_RX_ISR                        
0     000822a6  _MCBSPA_TX_ISR                        
0     000822b0  _MCBSPB_RX_ISR                        
0     000822ba  _MCBSPB_TX_ISR                        
1     00006000  _McbspaRegs                           
1     00006040  _McbspbRegs                           
1     0005f400  _MemCfgRegs                           
1     0005f500  _MemoryErrorRegs                      
0     0008209e  _NMI_ISR                              
0     000825e7  _NOTUSED_ISR                          
1     00007060  _NmiIntruptRegs                       
1     00007a80  _OutputXbarRegs                       
0     000825d0  _PIE_RESERVED_ISR                     
1     00000ce0  _PieCtrlRegs                          
1     00000d00  _PieVectTable                         
0     00098000  _PieVectTableInit                     
0     0008259e  _RAM_ACCESS_VIOLATION_ISR             
0     0008258a  _RAM_CORRECTABLE_ERROR_ISR            
0     0008208a  _RTOS_ISR                             
0     000887ed  _RamfuncsLoadEnd                      
abs   000007ed  _RamfuncsLoadSize                     
0     00088000  _RamfuncsLoadStart                    
0     000197ed  _RamfuncsRunEnd                       
abs   000007ed  _RamfuncsRunSize                      
0     00019000  _RamfuncsRunStart                     
0     00082b4b  _ReleaseFlashPump                     
1     0005e608  _RomPrefetchRegs                      
1     0005f540  _RomWaitStateRegs                     
0     00082350  _SCIA_RX_ISR                          
0     0008235a  _SCIA_TX_ISR                          
0     00082364  _SCIB_RX_ISR                          
0     0008236e  _SCIB_TX_ISR                          
0     00082328  _SCIC_RX_ISR                          
0     00082332  _SCIC_TX_ISR                          
0     0008233c  _SCID_RX_ISR                          
0     00082346  _SCID_TX_ISR                          
0     000824f4  _SD1_ISR                              
0     000824fe  _SD2_ISR                              
0     00082274  _SPIA_RX_ISR                          
0     0008227e  _SPIA_TX_ISR                          
0     00082288  _SPIB_RX_ISR                          
0     00082292  _SPIB_TX_ISR                          
0     00082508  _SPIC_RX_ISR                          
0     00082512  _SPIC_TX_ISR                          
0     00082cf1  _STANDBY                              
0     000825a8  _SYS_PLL_SLIP_ISR                     
1     00007200  _SciaRegs                             
1     00007210  _ScibRegs                             
1     00007220  _ScicRegs                             
1     00007230  _ScidRegs                             
1     00005e00  _Sdfm1Regs                            
1     00005e80  _Sdfm2Regs                            
0     00082b3c  _SeizeFlashPump                       
0     00082b55  _ServiceDog                           
1     00006100  _SpiaRegs                             
1     00006110  _SpibRegs                             
1     00006120  _SpicRegs                             
1     0000a983  _Start_PWM_CNT                        
1     00007940  _SyncSocRegs                          
0     000197e9  _SysCtlDelay                          
0     00082ca8  _SysIntOsc1Sel                        
0     00082cb2  _SysIntOsc2Sel                        
0     00082cbc  _SysXtalOscSel                        
0     00082166  _TIMER0_ISR                           
0     0008206c  _TIMER1_ISR                           
0     00082076  _TIMER2_ISR                           
0     0008251c  _UPPA_ISR                             
0     00082526  _USBA_ISR                             
0     0008210c  _USER10_ISR                           
0     00082116  _USER11_ISR                           
0     00082120  _USER12_ISR                           
0     000820b2  _USER1_ISR                            
0     000820bc  _USER2_ISR                            
0     000820c6  _USER3_ISR                            
0     000820d0  _USER4_ISR                            
0     000820da  _USER5_ISR                            
0     000820e4  _USER6_ISR                            
0     000820ee  _USER7_ISR                            
0     000820f8  _USER8_ISR                            
0     00082102  _USER9_ISR                            
1     00006200  _UppRegs                              
0     0008245e  _VCU_ISR                              
1     0000a80a  _VOL_filter_freq                      
0     00082170  _WAKE_ISR                             
1     00007000  _WdRegs                               
0     00082148  _XINT1_ISR                            
0     00082152  _XINT2_ISR                            
0     00082440  _XINT3_ISR                            
0     0008244a  _XINT4_ISR                            
0     00082454  _XINT5_ISR                            
1     00007920  _XbarRegs                             
1     00007070  _XintRegs                             
1     00000600  __STACK_END                           
abs   00000200  __STACK_SIZE                          
1     0000a98c  ___TI_cleanup_ptr                     
1     0000a98e  ___TI_dtors_ptr                       
1     0000a98a  ___TI_enable_exit_profile_output      
abs   ffffffff  ___TI_pprof_out_hndl                  
abs   ffffffff  ___TI_prof_data_size                  
abs   ffffffff  ___TI_prof_data_start                 
abs   ffffffff  ___binit__                            
abs   ffffffff  ___c_args__                           
0     00082000  ___cinit__                            
abs   ffffffff  ___etext__                            
abs   ffffffff  ___pinit__                            
abs   ffffffff  ___text__                             
0     00083787  __args_main                           
1     0000a87e  __lock                                
0     000837c1  __nop                                 
0     000837bd  __register_lock                       
0     000837b9  __register_unlock                     
1     00000400  __stack                               
0     000837ce  __system_post_cinit                   
0     000837cc  __system_pre_init                     
1     0000a8fe  __unlock                              
0     000836cf  _abort                                
0     00019209  _adca1_isr                            
0     00083582  _c_int00                              
0     00083746  _copy_in                              
1     0000a986  _count_int_adca                       
0     0001932f  _cpu_timer0_isr                       
0     000836d1  _exit                                 
1     0000a900  _gfDAC_Val_1                          
1     0000a902  _gfDAC_Val_2                          
1     0000a904  _gfDAC_Val_3                          
1     0000a906  _gfDAC_Val_4                          
1     0000a80c  _gfDCMotCurH                          
1     0000a80e  _gfDCMotCurH_lpf                      
1     0000a810  _gfDCMotCurL                          
1     0000a812  _gfDCMotCurL_lpf                      
1     0000a886  _gfDeltaRad                           
1     0000a898  _gfDeltaTime                          
1     0000a896  _gfFreq                               
1     0000a814  _gfInvVdc                             
1     0000a816  _gfInvVdc_lpf                         
1     0000a818  _gfMCUTemp                            
1     0000a892  _gfMag                                
1     0000a882  _gfMecRad                             
1     0000a884  _gfMecRad_old                         
1     0000a890  _gfSig                                
1     0000a988  _gfSpdCmd_RPM                         
1     0000a88a  _gfSpdRad                             
1     0000a88c  _gfSpdRad_lpf                         
1     0000a888  _gfSpdRpm                             
1     0000a88e  _gfSpdRpm_lpf                         
1     0000a894  _gfTheta                              
1     0000a920  _gfVs_vf                              
1     0000a89c  _gstCurCtrl                           
1     0000a922  _gstCurOn                             
1     0000a908  _gstDAC_CH1                           
1     0000a90e  _gstDAC_CH2                           
1     0000a914  _gstDAC_CH3                           
1     0000a91a  _gstDAC_CH4                           
1     0000a8da  _gstErrFlags                          
1     0000a8dc  _gstErr_Val                           
1     0000a980  _gstFlags                             
1     0000a96e  _gstMD_PWM1                           
1     0000a868  _gstMotCur                            
1     0000a820  _gstMotCurAbs                         
1     0000a81a  _gstMotCurSign                        
1     0000a95c  _gstPosSen                            
1     0000a8c0  _gstSpdCtrl                           
1     0000a981  _gstTimeFlags                         
1     0000a8e6  _gstTripVal                           
1     0000a928  _gstVariFreq                          
1     0000a8d8  _guiErrCode                           
1     0000a958  _guiPosCnt                            
0     00083482  _main                                 
0     0008376a  _memcpy                               
1     0000a802  _mfCurFilInGain                       
1     0000a800  _mfCurFilOutGain                      
1     0000a89a  _mfSpdCtrlOutLim                      
1     0000a806  _mfVolFilInGain                       
1     0000a804  _mfVolFilOutGain                      
1     0000a840  _mstADC_InvVdc                        
1     0000a850  _mstADC_InvVol_a_ph                   
1     0000a858  _mstADC_InvVol_b_ph                   
1     0000a860  _mstADC_InvVol_c_ph                   
1     0000a826  _mstADC_MotCur_a_ph                   
1     0000a82e  _mstADC_MotCur_b_ph                   
1     0000a836  _mstADC_MotCur_c_ph                   
1     0000a848  _mstADC_Vref                          
1     0000a880  _muiDacSel                            
1     0000a8d9  _muiErr_Cnt                           
1     0000a959  _muiSpdCalCnt                         
1     0000a985  _muiVol_Cnt                           
abs   ffffffff  binit                                 
0     00082000  cinit                                 
0     00080000  code_start                            
abs   ffffffff  etext                                 
abs   ffffffff  pinit                                 


GLOBAL SYMBOLS: SORTED BY Symbol Address 

page  address   name                                  
----  -------   ----                                  
0     00000ce0  _Cla1SoftIntRegs                      
0     00019000  _AppLab_Run_100usec                   
0     00019000  _RamfuncsRunStart                     
0     00019001  _AppLab_Cal_Mtr_Spd                   
0     00019006  _AppMotCtrl_Cur_H                     
0     0001904f  _AppMotCtrl_Ctrl_Spd                  
0     000190c4  _AppLab_Get_DAC                       
0     00019209  _adca1_isr                            
0     0001932f  _cpu_timer0_isr                       
0     00019398  _AppFC_CheckFault                     
0     00019508  _AppAI_GetValue                       
0     00019628  _AppDMCtrl_Run                        
0     00019710  _AppPosSen_GetVal                     
0     000197a6  _InitFlash                            
0     000197cf  _FlashOff                             
0     000197dd  _AppMotCtrl_OpenLoop                  
0     000197e4  _AppMotCtrl_DAxisTest                 
0     000197e5  _F28x_usDelay                         
0     000197e9  _SysCtlDelay                          
0     000197ed  _RamfuncsRunEnd                       
0     00080000  code_start                            
0     00082000  ___cinit__                            
0     00082000  cinit                                 
0     0008206c  _TIMER1_ISR                           
0     00082076  _TIMER2_ISR                           
0     00082080  _DATALOG_ISR                          
0     0008208a  _RTOS_ISR                             
0     00082094  _EMU_ISR                              
0     0008209e  _NMI_ISR                              
0     000820a8  _ILLEGAL_ISR                          
0     000820b2  _USER1_ISR                            
0     000820bc  _USER2_ISR                            
0     000820c6  _USER3_ISR                            
0     000820d0  _USER4_ISR                            
0     000820da  _USER5_ISR                            
0     000820e4  _USER6_ISR                            
0     000820ee  _USER7_ISR                            
0     000820f8  _USER8_ISR                            
0     00082102  _USER9_ISR                            
0     0008210c  _USER10_ISR                           
0     00082116  _USER11_ISR                           
0     00082120  _USER12_ISR                           
0     0008212a  _ADCA1_ISR                            
0     00082134  _ADCB1_ISR                            
0     0008213e  _ADCC1_ISR                            
0     00082148  _XINT1_ISR                            
0     00082152  _XINT2_ISR                            
0     0008215c  _ADCD1_ISR                            
0     00082166  _TIMER0_ISR                           
0     00082170  _WAKE_ISR                             
0     0008217a  _EPWM1_TZ_ISR                         
0     00082184  _EPWM2_TZ_ISR                         
0     0008218e  _EPWM3_TZ_ISR                         
0     00082198  _EPWM4_TZ_ISR                         
0     000821a2  _EPWM5_TZ_ISR                         
0     000821ac  _EPWM6_TZ_ISR                         
0     000821b6  _EPWM7_TZ_ISR                         
0     000821c0  _EPWM8_TZ_ISR                         
0     000821ca  _EPWM1_ISR                            
0     000821d4  _EPWM2_ISR                            
0     000821de  _EPWM3_ISR                            
0     000821e8  _EPWM4_ISR                            
0     000821f2  _EPWM5_ISR                            
0     000821fc  _EPWM6_ISR                            
0     00082206  _EPWM7_ISR                            
0     00082210  _EPWM8_ISR                            
0     0008221a  _ECAP1_ISR                            
0     00082224  _ECAP2_ISR                            
0     0008222e  _ECAP3_ISR                            
0     00082238  _ECAP4_ISR                            
0     00082242  _ECAP5_ISR                            
0     0008224c  _ECAP6_ISR                            
0     00082256  _EQEP1_ISR                            
0     00082260  _EQEP2_ISR                            
0     0008226a  _EQEP3_ISR                            
0     00082274  _SPIA_RX_ISR                          
0     0008227e  _SPIA_TX_ISR                          
0     00082288  _SPIB_RX_ISR                          
0     00082292  _SPIB_TX_ISR                          
0     0008229c  _MCBSPA_RX_ISR                        
0     000822a6  _MCBSPA_TX_ISR                        
0     000822b0  _MCBSPB_RX_ISR                        
0     000822ba  _MCBSPB_TX_ISR                        
0     000822c4  _DMA_CH1_ISR                          
0     000822ce  _DMA_CH2_ISR                          
0     000822d8  _DMA_CH3_ISR                          
0     000822e2  _DMA_CH4_ISR                          
0     000822ec  _DMA_CH5_ISR                          
0     000822f6  _DMA_CH6_ISR                          
0     00082300  _I2CA_ISR                             
0     0008230a  _I2CA_FIFO_ISR                        
0     00082314  _I2CB_ISR                             
0     0008231e  _I2CB_FIFO_ISR                        
0     00082328  _SCIC_RX_ISR                          
0     00082332  _SCIC_TX_ISR                          
0     0008233c  _SCID_RX_ISR                          
0     00082346  _SCID_TX_ISR                          
0     00082350  _SCIA_RX_ISR                          
0     0008235a  _SCIA_TX_ISR                          
0     00082364  _SCIB_RX_ISR                          
0     0008236e  _SCIB_TX_ISR                          
0     00082378  _CANA0_ISR                            
0     00082382  _CANA1_ISR                            
0     0008238c  _CANB0_ISR                            
0     00082396  _CANB1_ISR                            
0     000823a0  _ADCA_EVT_ISR                         
0     000823aa  _ADCA2_ISR                            
0     000823b4  _ADCA3_ISR                            
0     000823be  _ADCA4_ISR                            
0     000823c8  _ADCB_EVT_ISR                         
0     000823d2  _ADCB2_ISR                            
0     000823dc  _ADCB3_ISR                            
0     000823e6  _ADCB4_ISR                            
0     000823f0  _CLA1_1_ISR                           
0     000823fa  _CLA1_2_ISR                           
0     00082404  _CLA1_3_ISR                           
0     0008240e  _CLA1_4_ISR                           
0     00082418  _CLA1_5_ISR                           
0     00082422  _CLA1_6_ISR                           
0     0008242c  _CLA1_7_ISR                           
0     00082436  _CLA1_8_ISR                           
0     00082440  _XINT3_ISR                            
0     0008244a  _XINT4_ISR                            
0     00082454  _XINT5_ISR                            
0     0008245e  _VCU_ISR                              
0     00082468  _FPU_OVERFLOW_ISR                     
0     00082472  _FPU_UNDERFLOW_ISR                    
0     0008247c  _IPC0_ISR                             
0     00082486  _IPC1_ISR                             
0     00082490  _IPC2_ISR                             
0     0008249a  _IPC3_ISR                             
0     000824a4  _EPWM9_TZ_ISR                         
0     000824ae  _EPWM10_TZ_ISR                        
0     000824b8  _EPWM11_TZ_ISR                        
0     000824c2  _EPWM12_TZ_ISR                        
0     000824cc  _EPWM9_ISR                            
0     000824d6  _EPWM10_ISR                           
0     000824e0  _EPWM11_ISR                           
0     000824ea  _EPWM12_ISR                           
0     000824f4  _SD1_ISR                              
0     000824fe  _SD2_ISR                              
0     00082508  _SPIC_RX_ISR                          
0     00082512  _SPIC_TX_ISR                          
0     0008251c  _UPPA_ISR                             
0     00082526  _USBA_ISR                             
0     00082530  _ADCC_EVT_ISR                         
0     0008253a  _ADCC2_ISR                            
0     00082544  _ADCC3_ISR                            
0     0008254e  _ADCC4_ISR                            
0     00082558  _ADCD_EVT_ISR                         
0     00082562  _ADCD2_ISR                            
0     0008256c  _ADCD3_ISR                            
0     00082576  _ADCD4_ISR                            
0     00082580  _EMIF_ERROR_ISR                       
0     0008258a  _RAM_CORRECTABLE_ERROR_ISR            
0     00082594  _FLASH_CORRECTABLE_ERROR_ISR          
0     0008259e  _RAM_ACCESS_VIOLATION_ISR             
0     000825a8  _SYS_PLL_SLIP_ISR                     
0     000825b2  _AUX_PLL_SLIP_ISR                     
0     000825bc  _CLA_OVERFLOW_ISR                     
0     000825c6  _CLA_UNDERFLOW_ISR                    
0     000825d0  _PIE_RESERVED_ISR                     
0     000825da  _EMPTY_ISR                            
0     000825e7  _NOTUSED_ISR                          
0     000825f1  _InitEPwmGpio                         
0     000826ed  _InitEPwm1Gpio                        
0     0008274a  _InitEPwm2Gpio                        
0     000827c4  _InitEPwm3Gpio                        
0     00082820  _InitEPwm4Gpio                        
0     00082887  _InitEPwm5Gpio                        
0     00082899  _InitEPwm6Gpio                        
0     000828ab  _InitEPwm7Gpio                        
0     00082907  _InitEPwm8Gpio                        
0     00082974  _InitEPwm9Gpio                        
0     000829ce  _InitEPwm10Gpio                       
0     00082a35  _InitEPwm11Gpio                       
0     00082a49  _InitEPwm12Gpio                       
0     00082a5c  _InitSysCtrl                          
0     00082aa0  _InitPeripheralClocks                 
0     00082b24  _DisablePeripheralClocks              
0     00082b3c  _SeizeFlashPump                       
0     00082b4b  _ReleaseFlashPump                     
0     00082b55  _ServiceDog                           
0     00082b63  _DisableDog                           
0     00082b71  _InitSysPll                           
0     00082bf5  _InitAuxPll                           
0     00082c87  _CsmUnlock                            
0     00082ca8  _SysIntOsc1Sel                        
0     00082cb2  _SysIntOsc2Sel                        
0     00082cbc  _SysXtalOscSel                        
0     00082cc8  _AuxIntOsc2Sel                        
0     00082cd2  _AuxXtalOscSel                        
0     00082cde  _AuxAuxClkSel                         
0     00082ce8  _IDLE                                 
0     00082cf1  _STANDBY                              
0     00082cfc  _HALT                                 
0     00082d15  _HIB                                  
0     00082d32  _InitGpio                             
0     00082d77  _GPIO_SetupPinMux                     
0     00082e03  _GPIO_SetupPinOptions                 
0     00082e97  _GPIO_SetupLock                       
0     00082ec0  _GPIO_SetupXINT1Gpio                  
0     00082eca  _GPIO_SetupXINT2Gpio                  
0     00082ed4  _GPIO_SetupXINT3Gpio                  
0     00082ede  _GPIO_SetupXINT4Gpio                  
0     00082ee8  _GPIO_SetupXINT5Gpio                  
0     00082ef2  _GPIO_EnableUnbondedIOPullupsFor176Pin
0     00082f0b  _GPIO_EnableUnbondedIOPullupsFor100Pin
0     00082f30  _GPIO_EnableUnbondedIOPullups         
0     00082f46  _GPIO_ReadPin                         
0     00082f5d  _GPIO_WritePin                        
0     00082f7b  _InitADC                              
0     00083065  _AdcSetMode                           
0     0008311c  _CalAdcINL                            
0     0008316c  _AppAI_Init                           
0     00083171  _AppAI_CalOffset                      
0     00083174  _AppAI_SetOffset                      
0     000831ea  _AppAI_Init_Variable                  
0     0008322e  _AppAI_Init_Mot                       
0     000832a3  _AppAI_CalOffset_Mot                  
0     000832eb  _InitDACGpio                          
0     00083337  _InitDAC1Gpio                         
0     00083395  _InitDAC2Gpio                         
0     000833ee  _InitEQep                             
0     000833ef  _InitEQepGpio                         
0     000833f2  _InitEQep1Gpio                        
0     0008340a  _InitEQep2Gpio                        
0     00083444  _InitEQep3Gpio                        
0     00083482  _main                                 
0     000834f9  _FcnTask_1ms                          
0     000834fa  _FcnTask_2ms                          
0     000834fb  _FcnTask_10ms                         
0     000834fc  _FcnTask_100ms                        
0     00083501  _FcnTask_1s                           
0     00083506  _InitCpuTimers                        
0     00083547  _ConfigCpuTimer                       
0     00083582  _c_int00                              
0     000835d8  _AppLab_Init                          
0     00083619  _AppFC_Init                           
0     00083658  _AppFC_ClearFault                     
0     00083659  _AppPosSen_Init                       
0     00083697  _AppMotCtrl_Init                      
0     000836c9  _AppMotCtrl_Init_PWMOff               
0     000836cf  C$$EXIT                               
0     000836cf  _abort                                
0     000836d1  _exit                                 
0     000836f8  _InitPieCtrl                          
0     00083717  _EnableInterrupts                     
0     00083720  _InitPieVectTable                     
0     00083746  _copy_in                              
0     0008376a  _memcpy                               
0     00083787  __args_main                           
0     00083799  _AppSeq_Init                          
0     000837aa  _IntDefaultHandler                    
0     000837b9  __register_unlock                     
0     000837bd  __register_lock                       
0     000837c1  __nop                                 
0     000837ca  _AppDMCtrl_Init                       
0     000837cb  _AppDMCtrl_Off                        
0     000837cc  __system_pre_init                     
0     000837ce  __system_post_cinit                   
0     00088000  _RamfuncsLoadStart                    
0     000887ed  _RamfuncsLoadEnd                      
0     00098000  _PieVectTableInit                     
1     00000400  __stack                               
1     00000600  __STACK_END                           
1     00000b00  _AdcaResultRegs                       
1     00000b20  _AdcbResultRegs                       
1     00000b40  _AdccResultRegs                       
1     00000b60  _AdcdResultRegs                       
1     00000c00  _CpuTimer0Regs                        
1     00000c08  _CpuTimer1Regs                        
1     00000c10  _CpuTimer2Regs                        
1     00000ce0  _PieCtrlRegs                          
1     00000d00  _EmuKey                               
1     00000d00  _PieVectTable                         
1     00000d01  _EmuBMode                             
1     00001000  _DmaRegs                              
1     00001400  _Cla1Regs                             
1     00004000  _EPwm1Regs                            
1     00004100  _EPwm2Regs                            
1     00004200  _EPwm3Regs                            
1     00004300  _EPwm4Regs                            
1     00004400  _EPwm5Regs                            
1     00004500  _EPwm6Regs                            
1     00004600  _EPwm7Regs                            
1     00004700  _EPwm8Regs                            
1     00004800  _EPwm9Regs                            
1     00004900  _EPwm10Regs                           
1     00004a00  _EPwm11Regs                           
1     00004b00  _EPwm12Regs                           
1     00005000  _ECap1Regs                            
1     00005020  _ECap2Regs                            
1     00005040  _ECap3Regs                            
1     00005060  _ECap4Regs                            
1     00005080  _ECap5Regs                            
1     000050a0  _ECap6Regs                            
1     00005100  _EQep1Regs                            
1     00005140  _EQep2Regs                            
1     00005180  _EQep3Regs                            
1     00005c00  _DacaRegs                             
1     00005c10  _DacbRegs                             
1     00005c20  _DaccRegs                             
1     00005c80  _Cmpss1Regs                           
1     00005ca0  _Cmpss2Regs                           
1     00005cc0  _Cmpss3Regs                           
1     00005ce0  _Cmpss4Regs                           
1     00005d00  _Cmpss5Regs                           
1     00005d20  _Cmpss6Regs                           
1     00005d40  _Cmpss7Regs                           
1     00005d60  _Cmpss8Regs                           
1     00005e00  _Sdfm1Regs                            
1     00005e80  _Sdfm2Regs                            
1     00006000  _McbspaRegs                           
1     00006040  _McbspbRegs                           
1     00006100  _SpiaRegs                             
1     00006110  _SpibRegs                             
1     00006120  _SpicRegs                             
1     00006200  _UppRegs                              
1     00007000  _WdRegs                               
1     00007060  _NmiIntruptRegs                       
1     00007070  _XintRegs                             
1     00007200  _SciaRegs                             
1     00007210  _ScibRegs                             
1     00007220  _ScicRegs                             
1     00007230  _ScidRegs                             
1     00007300  _I2caRegs                             
1     00007340  _I2cbRegs                             
1     00007400  _AdcaRegs                             
1     00007480  _AdcbRegs                             
1     00007500  _AdccRegs                             
1     00007580  _AdcdRegs                             
1     00007900  _InputXbarRegs                        
1     00007920  _XbarRegs                             
1     00007940  _SyncSocRegs                          
1     00007980  _DmaClaSrcSelRegs                     
1     00007a00  _EPwmXbarRegs                         
1     00007a80  _OutputXbarRegs                       
1     00007c00  _GpioCtrlRegs                         
1     00007f00  _GpioDataRegs                         
1     0000a800  _mfCurFilOutGain                      
1     0000a802  _mfCurFilInGain                       
1     0000a804  _mfVolFilOutGain                      
1     0000a806  _mfVolFilInGain                       
1     0000a808  _CUR_filter_freq                      
1     0000a80a  _VOL_filter_freq                      
1     0000a80c  _gfDCMotCurH                          
1     0000a80e  _gfDCMotCurH_lpf                      
1     0000a810  _gfDCMotCurL                          
1     0000a812  _gfDCMotCurL_lpf                      
1     0000a814  _gfInvVdc                             
1     0000a816  _gfInvVdc_lpf                         
1     0000a818  _gfMCUTemp                            
1     0000a81a  _gstMotCurSign                        
1     0000a820  _gstMotCurAbs                         
1     0000a826  _mstADC_MotCur_a_ph                   
1     0000a82e  _mstADC_MotCur_b_ph                   
1     0000a836  _mstADC_MotCur_c_ph                   
1     0000a840  _mstADC_InvVdc                        
1     0000a848  _mstADC_Vref                          
1     0000a850  _mstADC_InvVol_a_ph                   
1     0000a858  _mstADC_InvVol_b_ph                   
1     0000a860  _mstADC_InvVol_c_ph                   
1     0000a868  _gstMotCur                            
1     0000a87e  __lock                                
1     0000a880  _muiDacSel                            
1     0000a882  _gfMecRad                             
1     0000a884  _gfMecRad_old                         
1     0000a886  _gfDeltaRad                           
1     0000a888  _gfSpdRpm                             
1     0000a88a  _gfSpdRad                             
1     0000a88c  _gfSpdRad_lpf                         
1     0000a88e  _gfSpdRpm_lpf                         
1     0000a890  _gfSig                                
1     0000a892  _gfMag                                
1     0000a894  _gfTheta                              
1     0000a896  _gfFreq                               
1     0000a898  _gfDeltaTime                          
1     0000a89a  _mfSpdCtrlOutLim                      
1     0000a89c  _gstCurCtrl                           
1     0000a8c0  _gstSpdCtrl                           
1     0000a8d8  _guiErrCode                           
1     0000a8d9  _muiErr_Cnt                           
1     0000a8da  _gstErrFlags                          
1     0000a8dc  _gstErr_Val                           
1     0000a8e6  _gstTripVal                           
1     0000a8fe  __unlock                              
1     0000a900  _gfDAC_Val_1                          
1     0000a902  _gfDAC_Val_2                          
1     0000a904  _gfDAC_Val_3                          
1     0000a906  _gfDAC_Val_4                          
1     0000a908  _gstDAC_CH1                           
1     0000a90e  _gstDAC_CH2                           
1     0000a914  _gstDAC_CH3                           
1     0000a91a  _gstDAC_CH4                           
1     0000a920  _gfVs_vf                              
1     0000a922  _gstCurOn                             
1     0000a928  _gstVariFreq                          
1     0000a940  _CpuTimer0                            
1     0000a948  _CpuTimer1                            
1     0000a950  _CpuTimer2                            
1     0000a958  _guiPosCnt                            
1     0000a959  _muiSpdCalCnt                         
1     0000a95a  _Deg_delta                            
1     0000a95c  _gstPosSen                            
1     0000a96e  _gstMD_PWM1                           
1     0000a980  _gstFlags                             
1     0000a981  _gstTimeFlags                         
1     0000a982  _ADC_Index                            
1     0000a983  _Start_PWM_CNT                        
1     0000a984  _Finish_PWM_CNT                       
1     0000a985  _muiVol_Cnt                           
1     0000a986  _count_int_adca                       
1     0000a988  _gfSpdCmd_RPM                         
1     0000a98a  ___TI_enable_exit_profile_output      
1     0000a98c  ___TI_cleanup_ptr                     
1     0000a98e  ___TI_dtors_ptr                       
1     00047000  _Emif1Regs                            
1     00047800  _Emif2Regs                            
1     00050000  _IpcRegs                              
1     00050024  _FlashPumpSemaphoreRegs               
1     0005d000  _DevCfgRegs                           
1     0005d180  _AnalogSubsysRegs                     
1     0005d200  _ClkCfgRegs                           
1     0005d300  _CpuSysRegs                           
1     0005e608  _RomPrefetchRegs                      
1     0005f000  _DcsmZ1Regs                           
1     0005f040  _DcsmZ2Regs                           
1     0005f070  _DcsmCommonRegs                       
1     0005f400  _MemCfgRegs                           
1     0005f480  _Emif1ConfigRegs                      
1     0005f4a0  _Emif2ConfigRegs                      
1     0005f4c0  _AccessProtectionRegs                 
1     0005f500  _MemoryErrorRegs                      
1     0005f540  _RomWaitStateRegs                     
1     0005f800  _Flash0CtrlRegs                       
1     0005fb00  _Flash0EccRegs                        
1     00078000  _DcsmZ1Otp                            
1     00078200  _DcsmZ2Otp                            
abs   00000200  __STACK_SIZE                          
abs   000007ed  _RamfuncsLoadSize                     
abs   000007ed  _RamfuncsRunSize                      
abs   ffffffff  .text                                 
abs   ffffffff  ___TI_pprof_out_hndl                  
abs   ffffffff  ___TI_prof_data_size                  
abs   ffffffff  ___TI_prof_data_start                 
abs   ffffffff  ___binit__                            
abs   ffffffff  ___c_args__                           
abs   ffffffff  ___etext__                            
abs   ffffffff  ___pinit__                            
abs   ffffffff  ___text__                             
abs   ffffffff  binit                                 
abs   ffffffff  etext                                 
abs   ffffffff  pinit                                 

[454 symbols]
